[2017-07-16 09:30:44] layer "Â© Copyright 2014 FreebiesXpress.com": Unsupported extension: com
