<!DOCTYPE html>
<html>
  <head>
    <meta charset="utf-8">
    <title>Animal clinic</title>
    <link href="css/style.css" rel="stylesheet" type="text/css">
    <link href="https://fonts.googleapis.com/css?family=Lobster" rel="stylesheet">
  </head>
  <body>
    <header class="main-header">
      <div class="main-header__container">
        <div class="main-header__top">
          <div class="main-header__logo">
            <img src="img/logo.png" width="31" height="45">
          </div>
          <h1 class="page-title">Gabinet Weterynaryjny</h1>
        </div>
        <nav class="main-nav">
          <ul class="main-nav__list">
            <li class="main-nav__list-item">Home</li>
            <li class="main-nav__list-item">O nas</li>
            <li class="main-nav__list-item">Gabinet</li>
            <li class="main-nav__list-item">Godziny</li>
            <li class="main-nav__list-item">Kontakt</li>
          </ul>
        </nav>
      </div>
    </header>

     <main class="main-content">
        <div class="main-content__container">
          <p>Phasellus ultrices viverra tellus eget hendrerit. Pellentesque ligula metus, ullamcorper sit amet eleifend ut, mollis vel orci. In in ante sed nibh mollis pretium. Mauris sodales elementum nunc in molestie. Duis dapibus rhoncus ligula eget euismod. Aliquam erat volutpat. Fusce nibh erat, porttitor vel congue id, imperdiet ac magna. In auctor pulvinar vestibulum. Maecenas vestibulum diam a neque posuere a consectetur diam luctus. Vestibulum ante ipsum primis in faucibus orci luctus et ultrices posuere cubilia Curae.</p>
        </div>
      </main>


    <footer class="main-footer">

    </footer>

  </body>
</html>
